/home/runner/work/spring-selenium-testng-cucumber/spring-selenium-testng-cucumber/src/main/java/com/example/demo/DemoApplication.java
/home/runner/work/spring-selenium-testng-cucumber/spring-selenium-testng-cucumber/src/main/java/com/example/demo/libraries/DriverScope.java
/home/runner/work/spring-selenium-testng-cucumber/spring-selenium-testng-cucumber/src/main/java/com/example/demo/libraries/DriverScopeConfig.java
/home/runner/work/spring-selenium-testng-cucumber/spring-selenium-testng-cucumber/src/main/java/com/example/demo/libraries/DriverScopePostProcessor.java
/home/runner/work/spring-selenium-testng-cucumber/spring-selenium-testng-cucumber/src/main/java/com/example/demo/libraries/RemoteWebDriverLibrary.java
/home/runner/work/spring-selenium-testng-cucumber/spring-selenium-testng-cucumber/src/main/java/com/example/demo/libraries/WebDriverLibrary.java
/home/runner/work/spring-selenium-testng-cucumber/spring-selenium-testng-cucumber/src/main/java/com/example/demo/models/TestUserDetails.java
/home/runner/work/spring-selenium-testng-cucumber/spring-selenium-testng-cucumber/src/main/java/com/example/demo/models/UserDetails.java
