/home/runner/work/spring-selenium-testng-cucumber/spring-selenium-testng-cucumber/src/test/java/com/example/demo/DemoApplicationTests.java
/home/runner/work/spring-selenium-testng-cucumber/spring-selenium-testng-cucumber/src/test/java/com/example/demo/SpringTestNGTest.java
/home/runner/work/spring-selenium-testng-cucumber/spring-selenium-testng-cucumber/src/test/java/com/example/demo/pages/BasePage.java
/home/runner/work/spring-selenium-testng-cucumber/spring-selenium-testng-cucumber/src/test/java/com/example/demo/pages/HomePage.java
/home/runner/work/spring-selenium-testng-cucumber/spring-selenium-testng-cucumber/src/test/java/com/example/demo/pages/LoginPage.java
/home/runner/work/spring-selenium-testng-cucumber/spring-selenium-testng-cucumber/src/test/java/com/example/demo/pages/MainPage.java
/home/runner/work/spring-selenium-testng-cucumber/spring-selenium-testng-cucumber/src/test/java/com/example/demo/runner/CucumberReporting.java
/home/runner/work/spring-selenium-testng-cucumber/spring-selenium-testng-cucumber/src/test/java/com/example/demo/runner/TestRunner.java
/home/runner/work/spring-selenium-testng-cucumber/spring-selenium-testng-cucumber/src/test/java/com/example/demo/steps/CucumberTestContextConfig.java
/home/runner/work/spring-selenium-testng-cucumber/spring-selenium-testng-cucumber/src/test/java/com/example/demo/steps/HomeSteps.java
/home/runner/work/spring-selenium-testng-cucumber/spring-selenium-testng-cucumber/src/test/java/com/example/demo/steps/Hooks.java
/home/runner/work/spring-selenium-testng-cucumber/spring-selenium-testng-cucumber/src/test/java/com/example/demo/steps/LoginSteps.java
